// Jest Snapshot v1, https://goo.gl/fbAQLP

exports[`gatsby-node onCreateNode should create slugs for MarkdownRemark file 1`] = `
Array [
  Array [
    Object {
      "name": "slug",
      "node": Object {
        "internal": Object {
          "type": "MarkdownRemark",
        },
        "parent": "parent",
      },
      "value": "/blog/2017-04-18--welcoming/",
    },
  ],
]
`;
